// Jest Snapshot v1, https://goo.gl/fbAQLP

exports[`Acceptance: ember generate blueprint foo/bar 1`] = `
"'use strict';

module.exports = {
  description: ''

  // locals(options) {
  //   // Return custom template variables here.
  //   return {
  //     foo: options.entity.options.foo
  //   };
  // }

  // afterInstall(options) {
  //   // Perform extra work here.
  // }
};
"
`;
